C51 COMPILER V6.12  MAIN                                                                   06/04/2013 08:25:23 PAGE 1   


C51 COMPILER V6.12, COMPILATION OF MODULE MAIN
OBJECT MODULE PLACED IN .\main.OBJ
COMPILER INVOKED BY: C:\dev\Keil\C51\BIN\C51.EXE .\main.c DEBUG OBJECTEXTEND

stmt level    source

   1          #include <reg52.h>
   2          #define uchar unsigned char
   3          #define uint unsigned int
   4          
   5          uchar code table[] = {	
   6          0x3f, 0x06, 0x5b, 0x4f, 0x66, 
   7          0x6d, 0x7d, 0x07, 0x7f, 0x6f, 
   8          0x77, 0x7c, 0x39, 0x5e, 0x79, 0x71
   9          };
  10          
  11          void delay(uint);
  12          
  13          sbit dula = P2^6;
  14          sbit wela = P2^7;
  15          
  16          uchar temp;
  17          uchar num;
  18          
  19          void main()
  20          {	
  21   1      	P0 = 0;
  22   1      	dula=1;
  23   1      	dula=0;
  24   1      
  25   1      	P0 = 0xfe;
  26   1      	wela = 1;
  27   1      	wela = 0;
  28   1      
  29   1      	P3=0xfe;
  30   1      	num = 0;
  31   1      
  32   1      	while(1)
  33   1      	{
  34   2      		temp = P3;
  35   2      		temp = temp & 0xf0;
  36   2      		if(temp != 0xf0)
  37   2      		{
  38   3      			delay(5);
  39   3      			temp = P3;
  40   3      			temp = temp & 0xf0;
  41   3      			if(temp != 0xf0)
  42   3      			{
  43   4      				switch (temp)
  44   4      				{
  45   5      					case 0xe0:
  46   5      						num = 1;
  47   5      						break;
  48   5      					case 0xd0:
  49   5      						num = 2;
  50   5      						break;
  51   5      					case 0xb0:
  52   5      						num = 3;
  53   5      						break;
  54   5      					case 0x70:
  55   5      						num = 4;
C51 COMPILER V6.12  MAIN                                                                   06/04/2013 08:25:23 PAGE 2   

  56   5      						break;
  57   5      				}				
  58   4      
  59   4      				P0 = table[num];
  60   4      				dula = 1;
  61   4      				dula = 0;
  62   4      			}
  63   3      		}
  64   2      	}
  65   1      }
  66          
  67          //unit: millisecond
  68          void delay(uint z)
  69          {
  70   1      	uint x, y;
  71   1      	for(x = z; x > 0; x--)
  72   1      		for(y = 113; y > 0; y--);
  73   1      }


MODULE INFORMATION:   STATIC OVERLAYABLE
   CODE SIZE        =    130    ----
   CONSTANT SIZE    =     16    ----
   XDATA SIZE       =   ----    ----
   PDATA SIZE       =   ----    ----
   DATA SIZE        =      2    ----
   IDATA SIZE       =   ----    ----
   BIT SIZE         =   ----    ----
END OF MODULE INFORMATION.


C51 COMPILATION COMPLETE.  0 WARNING(S),  0 ERROR(S)
