C51 COMPILER V6.12  SWITCH_SIMPLE                                                          06/04/2013 07:43:01 PAGE 1   


C51 COMPILER V6.12, COMPILATION OF MODULE SWITCH_SIMPLE
OBJECT MODULE PLACED IN .\switch_simple.OBJ
COMPILER INVOKED BY: C:\dev\Keil\C51\BIN\C51.EXE .\switch_simple.c DEBUG OBJECTEXTEND

stmt level    source

   1          #include <reg52.h>
   2          #define uchar unsigned char
   3          #define uint unsigned int
   4          
   5          uchar code table[] = {
   6          0x3f, 0x06, 0x5b, 0x4f, 0x66, 
   7          0x6d, 0x7d, 0x07, 0x7f, 0x6f, 
   8          0x77, 0x7c, 0x39, 0x5e, 0x79, 0x71
   9          };
  10          
  11          sbit d0 = P1^0;
  12          sbit dula=P2^6;
  13          sbit wela=P2^7;
  14          sbit s1=P3^4;
  15          
  16          uchar num;
  17          void delay(uint z);
  18          
  19          void main()
  20          {
  21   1      	P0 = 0xfe;
  22   1      	wela = 1;
  23   1      	wela = 0;
  24   1      
  25   1      	s1 = 1;
  26   1      	num = 0;
  27   1      
  28   1      	while(1)
  29   1      	{
  30   2      		if(s1==0)
  31   2      		{
  32   3      			delay(8);
  33   3      			if(s1 == 0)
  34   3      			{
  35   4      				d0 = 0;
  36   4      				num++;
  37   4      				if(num == 10)
  38   4      					num = 0;
  39   4      			}
  40   3      		
  41   3      			while(!s1);
  42   3      			delay(8);
  43   3      			while(!s1);
  44   3      		}
  45   2      		else
  46   2      		{
  47   3      			d0 = 1;
  48   3      		}
  49   2      
  50   2      
  51   2      		P0 = table[num];
  52   2      		dula = 1;
  53   2      		dula = 0;
  54   2      	}
  55   1      }
C51 COMPILER V6.12  SWITCH_SIMPLE                                                          06/04/2013 07:43:01 PAGE 2   

  56          
  57          //unit: millisecond
  58          void delay(uint z)
  59          {
  60   1      	uint x, y;
  61   1      	for(x = z; x > 0; x--)
  62   1      		for(y = 113; y > 0; y--);
  63   1      }


MODULE INFORMATION:   STATIC OVERLAYABLE
   CODE SIZE        =     98    ----
   CONSTANT SIZE    =     16    ----
   XDATA SIZE       =   ----    ----
   PDATA SIZE       =   ----    ----
   DATA SIZE        =      1    ----
   IDATA SIZE       =   ----    ----
   BIT SIZE         =   ----    ----
END OF MODULE INFORMATION.


C51 COMPILATION COMPLETE.  0 WARNING(S),  0 ERROR(S)
